// Jest Snapshot v1, https://goo.gl/fbAQLP

exports[`Home matches the snapshot 1`] = `
ShallowWrapper {
  Symbol(enzyme.__root__): [Circular],
  Symbol(enzyme.__unrendered__): <Home
    history={
      Object {
        "action": "PUSH",
        "block": [MockFunction],
        "createHref": [MockFunction],
        "go": [MockFunction],
        "goBack": [MockFunction],
        "goForward": [MockFunction],
        "length": 123,
        "listen": [MockFunction],
        "location": Object {
          "hash": "",
          "key": "",
          "pathname": "",
          "search": "",
          "state": "",
        },
        "push": [MockFunction],
        "replace": [MockFunction],
      }
    }
  />,
  Symbol(enzyme.__renderer__): Object {
    "batchedUpdates": [Function],
    "getNode": [Function],
    "render": [Function],
    "simulateError": [Function],
    "simulateEvent": [Function],
    "unmount": [Function],
  },
  Symbol(enzyme.__node__): Object {
    "instance": null,
    "key": undefined,
    "nodeType": "host",
    "props": Object {
      "children": Array [
        <img
          alt="Hoop's logo"
          className="w-25"
          src="hoop-logo.png"
        />,
        <div
          className="text-center "
        >
          <h1
            className="font-30 my-5"
          >
            To register a new activity, click Next
          </h1>
          <button
            className="btn next-button ml-3"
            id="next-button"
            onClick={[Function]}
            type="button"
          >
            Next
          </button>
        </div>,
      ],
      "className": "bg-white form-container p-5",
    },
    "ref": null,
    "rendered": Array [
      Object {
        "instance": null,
        "key": undefined,
        "nodeType": "host",
        "props": Object {
          "alt": "Hoop's logo",
          "className": "w-25",
          "src": "hoop-logo.png",
        },
        "ref": null,
        "rendered": null,
        "type": "img",
      },
      Object {
        "instance": null,
        "key": undefined,
        "nodeType": "host",
        "props": Object {
          "children": Array [
            <h1
              className="font-30 my-5"
            >
              To register a new activity, click Next
            </h1>,
            <button
              className="btn next-button ml-3"
              id="next-button"
              onClick={[Function]}
              type="button"
            >
              Next
            </button>,
          ],
          "className": "text-center ",
        },
        "ref": null,
        "rendered": Array [
          Object {
            "instance": null,
            "key": undefined,
            "nodeType": "host",
            "props": Object {
              "children": "To register a new activity, click Next",
              "className": "font-30 my-5",
            },
            "ref": null,
            "rendered": "To register a new activity, click Next",
            "type": "h1",
          },
          Object {
            "instance": null,
            "key": undefined,
            "nodeType": "host",
            "props": Object {
              "children": "Next",
              "className": "btn next-button ml-3",
              "id": "next-button",
              "onClick": [Function],
              "type": "button",
            },
            "ref": null,
            "rendered": "Next",
            "type": "button",
          },
        ],
        "type": "div",
      },
    ],
    "type": "main",
  },
  Symbol(enzyme.__nodes__): Array [
    Object {
      "instance": null,
      "key": undefined,
      "nodeType": "host",
      "props": Object {
        "children": Array [
          <img
            alt="Hoop's logo"
            className="w-25"
            src="hoop-logo.png"
          />,
          <div
            className="text-center "
          >
            <h1
              className="font-30 my-5"
            >
              To register a new activity, click Next
            </h1>
            <button
              className="btn next-button ml-3"
              id="next-button"
              onClick={[Function]}
              type="button"
            >
              Next
            </button>
          </div>,
        ],
        "className": "bg-white form-container p-5",
      },
      "ref": null,
      "rendered": Array [
        Object {
          "instance": null,
          "key": undefined,
          "nodeType": "host",
          "props": Object {
            "alt": "Hoop's logo",
            "className": "w-25",
            "src": "hoop-logo.png",
          },
          "ref": null,
          "rendered": null,
          "type": "img",
        },
        Object {
          "instance": null,
          "key": undefined,
          "nodeType": "host",
          "props": Object {
            "children": Array [
              <h1
                className="font-30 my-5"
              >
                To register a new activity, click Next
              </h1>,
              <button
                className="btn next-button ml-3"
                id="next-button"
                onClick={[Function]}
                type="button"
              >
                Next
              </button>,
            ],
            "className": "text-center ",
          },
          "ref": null,
          "rendered": Array [
            Object {
              "instance": null,
              "key": undefined,
              "nodeType": "host",
              "props": Object {
                "children": "To register a new activity, click Next",
                "className": "font-30 my-5",
              },
              "ref": null,
              "rendered": "To register a new activity, click Next",
              "type": "h1",
            },
            Object {
              "instance": null,
              "key": undefined,
              "nodeType": "host",
              "props": Object {
                "children": "Next",
                "className": "btn next-button ml-3",
                "id": "next-button",
                "onClick": [Function],
                "type": "button",
              },
              "ref": null,
              "rendered": "Next",
              "type": "button",
            },
          ],
          "type": "div",
        },
      ],
      "type": "main",
    },
  ],
  Symbol(enzyme.__options__): Object {
    "adapter": ReactSixteenAdapter {
      "options": Object {
        "enableComponentDidUpdateOnSetState": true,
        "lifecycles": Object {
          "componentDidUpdate": Object {
            "onSetState": true,
          },
          "getDerivedStateFromProps": true,
          "getSnapshotBeforeUpdate": true,
          "setState": Object {
            "skipsComponentDidUpdateOnNullish": true,
          },
        },
      },
    },
  },
}
`;
