// Jest Snapshot v1, https://goo.gl/fbAQLP

exports[`ActivityForm matches the snapshot 1`] = `
ShallowWrapper {
  Symbol(enzyme.__root__): [Circular],
  Symbol(enzyme.__unrendered__): <ActivityForm
    dirty={false}
    errors={Object {}}
    handleBlur={[Function]}
    handleChange={[Function]}
    handleReset={[Function]}
    handleSubmit={[Function]}
    isSubmitting={false}
    isValid={false}
    isValidating={false}
    registerField={[Function]}
    resetForm={[Function]}
    setError={[Function]}
    setErrors={[Function]}
    setFieldError={[Function]}
    setFieldTouched={[Function]}
    setFieldValue={[Function]}
    setFormikState={[Function]}
    setStatus={[Function]}
    setSubmitting={[Function]}
    setTouched={[Function]}
    setValues={[Function]}
    submitCount={0}
    submitForm={[Function]}
    touched={Object {}}
    unregisterField={[Function]}
    validateField={[Function]}
    validateForm={[Function]}
    values={
      Object {
        "activityName": "activityName",
        "activityPhoneNumber": "activityPhoneNumber",
        "activityWebpage": "activityWebpage",
        "maxRcommendedAge": "5",
        "minRecommendedAge": "2",
      }
    }
  />,
  Symbol(enzyme.__renderer__): Object {
    "batchedUpdates": [Function],
    "getNode": [Function],
    "render": [Function],
    "simulateError": [Function],
    "simulateEvent": [Function],
    "unmount": [Function],
  },
  Symbol(enzyme.__node__): Object {
    "instance": null,
    "key": undefined,
    "nodeType": "host",
    "props": Object {
      "children": Array [
        <label
          className="font-weight-bold"
          htmlFor="activityName"
        >
          Activity Name
        </label>,
        <input
          aria-invalid={false}
          className="form-control mb-4"
          id="activityName"
          name="activityName"
          onChange={[Function]}
          type="text"
          value="activityName"
        />,
        false,
        <label
          className="font-weight-bold"
          htmlFor="recommendedAge"
        >
          Recommended Age
        </label>,
        <div
          className="d-flex mb-4"
          id="recommendedAge"
        >
          <select
            className="custom-select mr-3"
            id="minRecommendedAge"
            name="minRecommendedAge"
            onChange={[Function]}
          >
            <option
              defaultValue={true}
            >
              No Min. Age
            </option>
            <option
              value="1 year"
            >
              1 year
            </option>
            <option
              value="2 years"
            >
              2 years
            </option>
            <option
              value="3 years"
            >
              3 years
            </option>
            <option
              value="4 years"
            >
              4 years
            </option>
            <option
              value="5 years"
            >
              5 years
            </option>
            <option
              value="6 years"
            >
              6 years
            </option>
            <option
              value="7 years"
            >
              7 years
            </option>
            <option
              value="8 years"
            >
              8 years
            </option>
            <option
              value="9 years"
            >
              9 years
            </option>
            <option
              value="10 years"
            >
              10 years
            </option>
            <option
              value="11 years"
            >
              11 years
            </option>
          </select>
          <select
            className="custom-select"
            id="maxRcommendedAge"
            name="maxRcommendedAge"
            onChange={[Function]}
          >
            <option
              defaultValue={true}
            >
              No Max. Age
            </option>
            <option
              value="1 year"
            >
              1 year
            </option>
            <option
              value="2 years"
            >
              2 years
            </option>
            <option
              value="3 years"
            >
              3 years
            </option>
            <option
              value="4 years"
            >
              4 years
            </option>
            <option
              value="5 years"
            >
              5 years
            </option>
            <option
              value="6 years"
            >
              6 years
            </option>
            <option
              value="7 years"
            >
              7 years
            </option>
            <option
              value="8 years"
            >
              8 years
            </option>
            <option
              value="9 years"
            >
              9 years
            </option>
            <option
              value="10 years"
            >
              10 years
            </option>
            <option
              value="11 years"
            >
              11 years
            </option>
          </select>
        </div>,
        <label
          className="font-weight-bold m-0"
          htmlFor="activityWebpage"
        >
          Activity Webpage
        </label>,
        <p
          className="text-secondary mb-1"
        >
          Use a specific page if possible. Try to avoid homepage links.
        </p>,
        <input
          aria-invalid={false}
          className="form-control mb-4"
          id="activityWebpage"
          name="activityWebpage"
          onChange={[Function]}
          type="text"
          value="activityWebpage"
        />,
        false,
        <label
          className="font-weight-bold d-flex justify-content-between"
          htmlFor="activityPhoneNumber"
        >
          <span>
             Activity Phone Number
          </span>
          <span
            className="font-weight-lighter text-black-50"
          >
            Optional
          </span>
        </label>,
        <input
          aria-invalid={false}
          className="form-control mb-4"
          id="activityPhoneNumber"
          name="activityPhoneNumber"
          onChange={[Function]}
          type="number"
          value="activityPhoneNumber"
        />,
        false,
        <div
          className="button-container bg-white d-flex flex-row-reverse py-2"
        >
          <button
            className="btn next-button ml-3"
            disabled={false}
            id="next-button"
            type="submit"
          >
            Next
          </button>
          <button
            className="btn back-button"
            id="back-button"
            type="button"
          >
            Back
          </button>
        </div>,
      ],
      "className": "form-group mb-0",
      "onSubmit": [Function],
    },
    "ref": null,
    "rendered": Array [
      Object {
        "instance": null,
        "key": undefined,
        "nodeType": "host",
        "props": Object {
          "children": "Activity Name",
          "className": "font-weight-bold",
          "htmlFor": "activityName",
        },
        "ref": null,
        "rendered": "Activity Name",
        "type": "label",
      },
      Object {
        "instance": null,
        "key": undefined,
        "nodeType": "host",
        "props": Object {
          "aria-invalid": false,
          "className": "form-control mb-4",
          "id": "activityName",
          "name": "activityName",
          "onChange": [Function],
          "type": "text",
          "value": "activityName",
        },
        "ref": null,
        "rendered": null,
        "type": "input",
      },
      false,
      Object {
        "instance": null,
        "key": undefined,
        "nodeType": "host",
        "props": Object {
          "children": "Recommended Age",
          "className": "font-weight-bold",
          "htmlFor": "recommendedAge",
        },
        "ref": null,
        "rendered": "Recommended Age",
        "type": "label",
      },
      Object {
        "instance": null,
        "key": undefined,
        "nodeType": "host",
        "props": Object {
          "children": Array [
            <select
              className="custom-select mr-3"
              id="minRecommendedAge"
              name="minRecommendedAge"
              onChange={[Function]}
            >
              <option
                defaultValue={true}
              >
                No Min. Age
              </option>
              <option
                value="1 year"
              >
                1 year
              </option>
              <option
                value="2 years"
              >
                2 years
              </option>
              <option
                value="3 years"
              >
                3 years
              </option>
              <option
                value="4 years"
              >
                4 years
              </option>
              <option
                value="5 years"
              >
                5 years
              </option>
              <option
                value="6 years"
              >
                6 years
              </option>
              <option
                value="7 years"
              >
                7 years
              </option>
              <option
                value="8 years"
              >
                8 years
              </option>
              <option
                value="9 years"
              >
                9 years
              </option>
              <option
                value="10 years"
              >
                10 years
              </option>
              <option
                value="11 years"
              >
                11 years
              </option>
            </select>,
            <select
              className="custom-select"
              id="maxRcommendedAge"
              name="maxRcommendedAge"
              onChange={[Function]}
            >
              <option
                defaultValue={true}
              >
                No Max. Age
              </option>
              <option
                value="1 year"
              >
                1 year
              </option>
              <option
                value="2 years"
              >
                2 years
              </option>
              <option
                value="3 years"
              >
                3 years
              </option>
              <option
                value="4 years"
              >
                4 years
              </option>
              <option
                value="5 years"
              >
                5 years
              </option>
              <option
                value="6 years"
              >
                6 years
              </option>
              <option
                value="7 years"
              >
                7 years
              </option>
              <option
                value="8 years"
              >
                8 years
              </option>
              <option
                value="9 years"
              >
                9 years
              </option>
              <option
                value="10 years"
              >
                10 years
              </option>
              <option
                value="11 years"
              >
                11 years
              </option>
            </select>,
          ],
          "className": "d-flex mb-4",
          "id": "recommendedAge",
        },
        "ref": null,
        "rendered": Array [
          Object {
            "instance": null,
            "key": undefined,
            "nodeType": "host",
            "props": Object {
              "children": Array [
                <option
                  defaultValue={true}
                >
                  No Min. Age
                </option>,
                Array [
                  <option
                    value="1 year"
                  >
                    1 year
                  </option>,
                  <option
                    value="2 years"
                  >
                    2 years
                  </option>,
                  <option
                    value="3 years"
                  >
                    3 years
                  </option>,
                  <option
                    value="4 years"
                  >
                    4 years
                  </option>,
                  <option
                    value="5 years"
                  >
                    5 years
                  </option>,
                  <option
                    value="6 years"
                  >
                    6 years
                  </option>,
                  <option
                    value="7 years"
                  >
                    7 years
                  </option>,
                  <option
                    value="8 years"
                  >
                    8 years
                  </option>,
                  <option
                    value="9 years"
                  >
                    9 years
                  </option>,
                  <option
                    value="10 years"
                  >
                    10 years
                  </option>,
                  <option
                    value="11 years"
                  >
                    11 years
                  </option>,
                ],
              ],
              "className": "custom-select mr-3",
              "id": "minRecommendedAge",
              "name": "minRecommendedAge",
              "onChange": [Function],
            },
            "ref": null,
            "rendered": Array [
              Object {
                "instance": null,
                "key": undefined,
                "nodeType": "host",
                "props": Object {
                  "children": "No Min. Age",
                  "defaultValue": true,
                },
                "ref": null,
                "rendered": "No Min. Age",
                "type": "option",
              },
              Object {
                "instance": null,
                "key": "1 year",
                "nodeType": "host",
                "props": Object {
                  "children": "1 year",
                  "value": "1 year",
                },
                "ref": null,
                "rendered": "1 year",
                "type": "option",
              },
              Object {
                "instance": null,
                "key": "2 years",
                "nodeType": "host",
                "props": Object {
                  "children": "2 years",
                  "value": "2 years",
                },
                "ref": null,
                "rendered": "2 years",
                "type": "option",
              },
              Object {
                "instance": null,
                "key": "3 years",
                "nodeType": "host",
                "props": Object {
                  "children": "3 years",
                  "value": "3 years",
                },
                "ref": null,
                "rendered": "3 years",
                "type": "option",
              },
              Object {
                "instance": null,
                "key": "4 years",
                "nodeType": "host",
                "props": Object {
                  "children": "4 years",
                  "value": "4 years",
                },
                "ref": null,
                "rendered": "4 years",
                "type": "option",
              },
              Object {
                "instance": null,
                "key": "5 years",
                "nodeType": "host",
                "props": Object {
                  "children": "5 years",
                  "value": "5 years",
                },
                "ref": null,
                "rendered": "5 years",
                "type": "option",
              },
              Object {
                "instance": null,
                "key": "6 years",
                "nodeType": "host",
                "props": Object {
                  "children": "6 years",
                  "value": "6 years",
                },
                "ref": null,
                "rendered": "6 years",
                "type": "option",
              },
              Object {
                "instance": null,
                "key": "7 years",
                "nodeType": "host",
                "props": Object {
                  "children": "7 years",
                  "value": "7 years",
                },
                "ref": null,
                "rendered": "7 years",
                "type": "option",
              },
              Object {
                "instance": null,
                "key": "8 years",
                "nodeType": "host",
                "props": Object {
                  "children": "8 years",
                  "value": "8 years",
                },
                "ref": null,
                "rendered": "8 years",
                "type": "option",
              },
              Object {
                "instance": null,
                "key": "9 years",
                "nodeType": "host",
                "props": Object {
                  "children": "9 years",
                  "value": "9 years",
                },
                "ref": null,
                "rendered": "9 years",
                "type": "option",
              },
              Object {
                "instance": null,
                "key": "10 years",
                "nodeType": "host",
                "props": Object {
                  "children": "10 years",
                  "value": "10 years",
                },
                "ref": null,
                "rendered": "10 years",
                "type": "option",
              },
              Object {
                "instance": null,
                "key": "11 years",
                "nodeType": "host",
                "props": Object {
                  "children": "11 years",
                  "value": "11 years",
                },
                "ref": null,
                "rendered": "11 years",
                "type": "option",
              },
            ],
            "type": "select",
          },
          Object {
            "instance": null,
            "key": undefined,
            "nodeType": "host",
            "props": Object {
              "children": Array [
                <option
                  defaultValue={true}
                >
                  No Max. Age
                </option>,
                Array [
                  <option
                    value="1 year"
                  >
                    1 year
                  </option>,
                  <option
                    value="2 years"
                  >
                    2 years
                  </option>,
                  <option
                    value="3 years"
                  >
                    3 years
                  </option>,
                  <option
                    value="4 years"
                  >
                    4 years
                  </option>,
                  <option
                    value="5 years"
                  >
                    5 years
                  </option>,
                  <option
                    value="6 years"
                  >
                    6 years
                  </option>,
                  <option
                    value="7 years"
                  >
                    7 years
                  </option>,
                  <option
                    value="8 years"
                  >
                    8 years
                  </option>,
                  <option
                    value="9 years"
                  >
                    9 years
                  </option>,
                  <option
                    value="10 years"
                  >
                    10 years
                  </option>,
                  <option
                    value="11 years"
                  >
                    11 years
                  </option>,
                ],
              ],
              "className": "custom-select",
              "id": "maxRcommendedAge",
              "name": "maxRcommendedAge",
              "onChange": [Function],
            },
            "ref": null,
            "rendered": Array [
              Object {
                "instance": null,
                "key": undefined,
                "nodeType": "host",
                "props": Object {
                  "children": "No Max. Age",
                  "defaultValue": true,
                },
                "ref": null,
                "rendered": "No Max. Age",
                "type": "option",
              },
              Object {
                "instance": null,
                "key": "1 year",
                "nodeType": "host",
                "props": Object {
                  "children": "1 year",
                  "value": "1 year",
                },
                "ref": null,
                "rendered": "1 year",
                "type": "option",
              },
              Object {
                "instance": null,
                "key": "2 years",
                "nodeType": "host",
                "props": Object {
                  "children": "2 years",
                  "value": "2 years",
                },
                "ref": null,
                "rendered": "2 years",
                "type": "option",
              },
              Object {
                "instance": null,
                "key": "3 years",
                "nodeType": "host",
                "props": Object {
                  "children": "3 years",
                  "value": "3 years",
                },
                "ref": null,
                "rendered": "3 years",
                "type": "option",
              },
              Object {
                "instance": null,
                "key": "4 years",
                "nodeType": "host",
                "props": Object {
                  "children": "4 years",
                  "value": "4 years",
                },
                "ref": null,
                "rendered": "4 years",
                "type": "option",
              },
              Object {
                "instance": null,
                "key": "5 years",
                "nodeType": "host",
                "props": Object {
                  "children": "5 years",
                  "value": "5 years",
                },
                "ref": null,
                "rendered": "5 years",
                "type": "option",
              },
              Object {
                "instance": null,
                "key": "6 years",
                "nodeType": "host",
                "props": Object {
                  "children": "6 years",
                  "value": "6 years",
                },
                "ref": null,
                "rendered": "6 years",
                "type": "option",
              },
              Object {
                "instance": null,
                "key": "7 years",
                "nodeType": "host",
                "props": Object {
                  "children": "7 years",
                  "value": "7 years",
                },
                "ref": null,
                "rendered": "7 years",
                "type": "option",
              },
              Object {
                "instance": null,
                "key": "8 years",
                "nodeType": "host",
                "props": Object {
                  "children": "8 years",
                  "value": "8 years",
                },
                "ref": null,
                "rendered": "8 years",
                "type": "option",
              },
              Object {
                "instance": null,
                "key": "9 years",
                "nodeType": "host",
                "props": Object {
                  "children": "9 years",
                  "value": "9 years",
                },
                "ref": null,
                "rendered": "9 years",
                "type": "option",
              },
              Object {
                "instance": null,
                "key": "10 years",
                "nodeType": "host",
                "props": Object {
                  "children": "10 years",
                  "value": "10 years",
                },
                "ref": null,
                "rendered": "10 years",
                "type": "option",
              },
              Object {
                "instance": null,
                "key": "11 years",
                "nodeType": "host",
                "props": Object {
                  "children": "11 years",
                  "value": "11 years",
                },
                "ref": null,
                "rendered": "11 years",
                "type": "option",
              },
            ],
            "type": "select",
          },
        ],
        "type": "div",
      },
      Object {
        "instance": null,
        "key": undefined,
        "nodeType": "host",
        "props": Object {
          "children": "Activity Webpage",
          "className": "font-weight-bold m-0",
          "htmlFor": "activityWebpage",
        },
        "ref": null,
        "rendered": "Activity Webpage",
        "type": "label",
      },
      Object {
        "instance": null,
        "key": undefined,
        "nodeType": "host",
        "props": Object {
          "children": "Use a specific page if possible. Try to avoid homepage links.",
          "className": "text-secondary mb-1",
        },
        "ref": null,
        "rendered": "Use a specific page if possible. Try to avoid homepage links.",
        "type": "p",
      },
      Object {
        "instance": null,
        "key": undefined,
        "nodeType": "host",
        "props": Object {
          "aria-invalid": false,
          "className": "form-control mb-4",
          "id": "activityWebpage",
          "name": "activityWebpage",
          "onChange": [Function],
          "type": "text",
          "value": "activityWebpage",
        },
        "ref": null,
        "rendered": null,
        "type": "input",
      },
      false,
      Object {
        "instance": null,
        "key": undefined,
        "nodeType": "host",
        "props": Object {
          "children": Array [
            <span>
               Activity Phone Number
            </span>,
            <span
              className="font-weight-lighter text-black-50"
            >
              Optional
            </span>,
          ],
          "className": "font-weight-bold d-flex justify-content-between",
          "htmlFor": "activityPhoneNumber",
        },
        "ref": null,
        "rendered": Array [
          Object {
            "instance": null,
            "key": undefined,
            "nodeType": "host",
            "props": Object {
              "children": " Activity Phone Number",
            },
            "ref": null,
            "rendered": " Activity Phone Number",
            "type": "span",
          },
          Object {
            "instance": null,
            "key": undefined,
            "nodeType": "host",
            "props": Object {
              "children": "Optional",
              "className": "font-weight-lighter text-black-50",
            },
            "ref": null,
            "rendered": "Optional",
            "type": "span",
          },
        ],
        "type": "label",
      },
      Object {
        "instance": null,
        "key": undefined,
        "nodeType": "host",
        "props": Object {
          "aria-invalid": false,
          "className": "form-control mb-4",
          "id": "activityPhoneNumber",
          "name": "activityPhoneNumber",
          "onChange": [Function],
          "type": "number",
          "value": "activityPhoneNumber",
        },
        "ref": null,
        "rendered": null,
        "type": "input",
      },
      false,
      Object {
        "instance": null,
        "key": undefined,
        "nodeType": "host",
        "props": Object {
          "children": Array [
            <button
              className="btn next-button ml-3"
              disabled={false}
              id="next-button"
              type="submit"
            >
              Next
            </button>,
            <button
              className="btn back-button"
              id="back-button"
              type="button"
            >
              Back
            </button>,
          ],
          "className": "button-container bg-white d-flex flex-row-reverse py-2",
        },
        "ref": null,
        "rendered": Array [
          Object {
            "instance": null,
            "key": undefined,
            "nodeType": "host",
            "props": Object {
              "children": "Next",
              "className": "btn next-button ml-3",
              "disabled": false,
              "id": "next-button",
              "type": "submit",
            },
            "ref": null,
            "rendered": "Next",
            "type": "button",
          },
          Object {
            "instance": null,
            "key": undefined,
            "nodeType": "host",
            "props": Object {
              "children": "Back",
              "className": "btn back-button",
              "id": "back-button",
              "onClick": undefined,
              "type": "button",
            },
            "ref": null,
            "rendered": "Back",
            "type": "button",
          },
        ],
        "type": "div",
      },
    ],
    "type": "form",
  },
  Symbol(enzyme.__nodes__): Array [
    Object {
      "instance": null,
      "key": undefined,
      "nodeType": "host",
      "props": Object {
        "children": Array [
          <label
            className="font-weight-bold"
            htmlFor="activityName"
          >
            Activity Name
          </label>,
          <input
            aria-invalid={false}
            className="form-control mb-4"
            id="activityName"
            name="activityName"
            onChange={[Function]}
            type="text"
            value="activityName"
          />,
          false,
          <label
            className="font-weight-bold"
            htmlFor="recommendedAge"
          >
            Recommended Age
          </label>,
          <div
            className="d-flex mb-4"
            id="recommendedAge"
          >
            <select
              className="custom-select mr-3"
              id="minRecommendedAge"
              name="minRecommendedAge"
              onChange={[Function]}
            >
              <option
                defaultValue={true}
              >
                No Min. Age
              </option>
              <option
                value="1 year"
              >
                1 year
              </option>
              <option
                value="2 years"
              >
                2 years
              </option>
              <option
                value="3 years"
              >
                3 years
              </option>
              <option
                value="4 years"
              >
                4 years
              </option>
              <option
                value="5 years"
              >
                5 years
              </option>
              <option
                value="6 years"
              >
                6 years
              </option>
              <option
                value="7 years"
              >
                7 years
              </option>
              <option
                value="8 years"
              >
                8 years
              </option>
              <option
                value="9 years"
              >
                9 years
              </option>
              <option
                value="10 years"
              >
                10 years
              </option>
              <option
                value="11 years"
              >
                11 years
              </option>
            </select>
            <select
              className="custom-select"
              id="maxRcommendedAge"
              name="maxRcommendedAge"
              onChange={[Function]}
            >
              <option
                defaultValue={true}
              >
                No Max. Age
              </option>
              <option
                value="1 year"
              >
                1 year
              </option>
              <option
                value="2 years"
              >
                2 years
              </option>
              <option
                value="3 years"
              >
                3 years
              </option>
              <option
                value="4 years"
              >
                4 years
              </option>
              <option
                value="5 years"
              >
                5 years
              </option>
              <option
                value="6 years"
              >
                6 years
              </option>
              <option
                value="7 years"
              >
                7 years
              </option>
              <option
                value="8 years"
              >
                8 years
              </option>
              <option
                value="9 years"
              >
                9 years
              </option>
              <option
                value="10 years"
              >
                10 years
              </option>
              <option
                value="11 years"
              >
                11 years
              </option>
            </select>
          </div>,
          <label
            className="font-weight-bold m-0"
            htmlFor="activityWebpage"
          >
            Activity Webpage
          </label>,
          <p
            className="text-secondary mb-1"
          >
            Use a specific page if possible. Try to avoid homepage links.
          </p>,
          <input
            aria-invalid={false}
            className="form-control mb-4"
            id="activityWebpage"
            name="activityWebpage"
            onChange={[Function]}
            type="text"
            value="activityWebpage"
          />,
          false,
          <label
            className="font-weight-bold d-flex justify-content-between"
            htmlFor="activityPhoneNumber"
          >
            <span>
               Activity Phone Number
            </span>
            <span
              className="font-weight-lighter text-black-50"
            >
              Optional
            </span>
          </label>,
          <input
            aria-invalid={false}
            className="form-control mb-4"
            id="activityPhoneNumber"
            name="activityPhoneNumber"
            onChange={[Function]}
            type="number"
            value="activityPhoneNumber"
          />,
          false,
          <div
            className="button-container bg-white d-flex flex-row-reverse py-2"
          >
            <button
              className="btn next-button ml-3"
              disabled={false}
              id="next-button"
              type="submit"
            >
              Next
            </button>
            <button
              className="btn back-button"
              id="back-button"
              type="button"
            >
              Back
            </button>
          </div>,
        ],
        "className": "form-group mb-0",
        "onSubmit": [Function],
      },
      "ref": null,
      "rendered": Array [
        Object {
          "instance": null,
          "key": undefined,
          "nodeType": "host",
          "props": Object {
            "children": "Activity Name",
            "className": "font-weight-bold",
            "htmlFor": "activityName",
          },
          "ref": null,
          "rendered": "Activity Name",
          "type": "label",
        },
        Object {
          "instance": null,
          "key": undefined,
          "nodeType": "host",
          "props": Object {
            "aria-invalid": false,
            "className": "form-control mb-4",
            "id": "activityName",
            "name": "activityName",
            "onChange": [Function],
            "type": "text",
            "value": "activityName",
          },
          "ref": null,
          "rendered": null,
          "type": "input",
        },
        false,
        Object {
          "instance": null,
          "key": undefined,
          "nodeType": "host",
          "props": Object {
            "children": "Recommended Age",
            "className": "font-weight-bold",
            "htmlFor": "recommendedAge",
          },
          "ref": null,
          "rendered": "Recommended Age",
          "type": "label",
        },
        Object {
          "instance": null,
          "key": undefined,
          "nodeType": "host",
          "props": Object {
            "children": Array [
              <select
                className="custom-select mr-3"
                id="minRecommendedAge"
                name="minRecommendedAge"
                onChange={[Function]}
              >
                <option
                  defaultValue={true}
                >
                  No Min. Age
                </option>
                <option
                  value="1 year"
                >
                  1 year
                </option>
                <option
                  value="2 years"
                >
                  2 years
                </option>
                <option
                  value="3 years"
                >
                  3 years
                </option>
                <option
                  value="4 years"
                >
                  4 years
                </option>
                <option
                  value="5 years"
                >
                  5 years
                </option>
                <option
                  value="6 years"
                >
                  6 years
                </option>
                <option
                  value="7 years"
                >
                  7 years
                </option>
                <option
                  value="8 years"
                >
                  8 years
                </option>
                <option
                  value="9 years"
                >
                  9 years
                </option>
                <option
                  value="10 years"
                >
                  10 years
                </option>
                <option
                  value="11 years"
                >
                  11 years
                </option>
              </select>,
              <select
                className="custom-select"
                id="maxRcommendedAge"
                name="maxRcommendedAge"
                onChange={[Function]}
              >
                <option
                  defaultValue={true}
                >
                  No Max. Age
                </option>
                <option
                  value="1 year"
                >
                  1 year
                </option>
                <option
                  value="2 years"
                >
                  2 years
                </option>
                <option
                  value="3 years"
                >
                  3 years
                </option>
                <option
                  value="4 years"
                >
                  4 years
                </option>
                <option
                  value="5 years"
                >
                  5 years
                </option>
                <option
                  value="6 years"
                >
                  6 years
                </option>
                <option
                  value="7 years"
                >
                  7 years
                </option>
                <option
                  value="8 years"
                >
                  8 years
                </option>
                <option
                  value="9 years"
                >
                  9 years
                </option>
                <option
                  value="10 years"
                >
                  10 years
                </option>
                <option
                  value="11 years"
                >
                  11 years
                </option>
              </select>,
            ],
            "className": "d-flex mb-4",
            "id": "recommendedAge",
          },
          "ref": null,
          "rendered": Array [
            Object {
              "instance": null,
              "key": undefined,
              "nodeType": "host",
              "props": Object {
                "children": Array [
                  <option
                    defaultValue={true}
                  >
                    No Min. Age
                  </option>,
                  Array [
                    <option
                      value="1 year"
                    >
                      1 year
                    </option>,
                    <option
                      value="2 years"
                    >
                      2 years
                    </option>,
                    <option
                      value="3 years"
                    >
                      3 years
                    </option>,
                    <option
                      value="4 years"
                    >
                      4 years
                    </option>,
                    <option
                      value="5 years"
                    >
                      5 years
                    </option>,
                    <option
                      value="6 years"
                    >
                      6 years
                    </option>,
                    <option
                      value="7 years"
                    >
                      7 years
                    </option>,
                    <option
                      value="8 years"
                    >
                      8 years
                    </option>,
                    <option
                      value="9 years"
                    >
                      9 years
                    </option>,
                    <option
                      value="10 years"
                    >
                      10 years
                    </option>,
                    <option
                      value="11 years"
                    >
                      11 years
                    </option>,
                  ],
                ],
                "className": "custom-select mr-3",
                "id": "minRecommendedAge",
                "name": "minRecommendedAge",
                "onChange": [Function],
              },
              "ref": null,
              "rendered": Array [
                Object {
                  "instance": null,
                  "key": undefined,
                  "nodeType": "host",
                  "props": Object {
                    "children": "No Min. Age",
                    "defaultValue": true,
                  },
                  "ref": null,
                  "rendered": "No Min. Age",
                  "type": "option",
                },
                Object {
                  "instance": null,
                  "key": "1 year",
                  "nodeType": "host",
                  "props": Object {
                    "children": "1 year",
                    "value": "1 year",
                  },
                  "ref": null,
                  "rendered": "1 year",
                  "type": "option",
                },
                Object {
                  "instance": null,
                  "key": "2 years",
                  "nodeType": "host",
                  "props": Object {
                    "children": "2 years",
                    "value": "2 years",
                  },
                  "ref": null,
                  "rendered": "2 years",
                  "type": "option",
                },
                Object {
                  "instance": null,
                  "key": "3 years",
                  "nodeType": "host",
                  "props": Object {
                    "children": "3 years",
                    "value": "3 years",
                  },
                  "ref": null,
                  "rendered": "3 years",
                  "type": "option",
                },
                Object {
                  "instance": null,
                  "key": "4 years",
                  "nodeType": "host",
                  "props": Object {
                    "children": "4 years",
                    "value": "4 years",
                  },
                  "ref": null,
                  "rendered": "4 years",
                  "type": "option",
                },
                Object {
                  "instance": null,
                  "key": "5 years",
                  "nodeType": "host",
                  "props": Object {
                    "children": "5 years",
                    "value": "5 years",
                  },
                  "ref": null,
                  "rendered": "5 years",
                  "type": "option",
                },
                Object {
                  "instance": null,
                  "key": "6 years",
                  "nodeType": "host",
                  "props": Object {
                    "children": "6 years",
                    "value": "6 years",
                  },
                  "ref": null,
                  "rendered": "6 years",
                  "type": "option",
                },
                Object {
                  "instance": null,
                  "key": "7 years",
                  "nodeType": "host",
                  "props": Object {
                    "children": "7 years",
                    "value": "7 years",
                  },
                  "ref": null,
                  "rendered": "7 years",
                  "type": "option",
                },
                Object {
                  "instance": null,
                  "key": "8 years",
                  "nodeType": "host",
                  "props": Object {
                    "children": "8 years",
                    "value": "8 years",
                  },
                  "ref": null,
                  "rendered": "8 years",
                  "type": "option",
                },
                Object {
                  "instance": null,
                  "key": "9 years",
                  "nodeType": "host",
                  "props": Object {
                    "children": "9 years",
                    "value": "9 years",
                  },
                  "ref": null,
                  "rendered": "9 years",
                  "type": "option",
                },
                Object {
                  "instance": null,
                  "key": "10 years",
                  "nodeType": "host",
                  "props": Object {
                    "children": "10 years",
                    "value": "10 years",
                  },
                  "ref": null,
                  "rendered": "10 years",
                  "type": "option",
                },
                Object {
                  "instance": null,
                  "key": "11 years",
                  "nodeType": "host",
                  "props": Object {
                    "children": "11 years",
                    "value": "11 years",
                  },
                  "ref": null,
                  "rendered": "11 years",
                  "type": "option",
                },
              ],
              "type": "select",
            },
            Object {
              "instance": null,
              "key": undefined,
              "nodeType": "host",
              "props": Object {
                "children": Array [
                  <option
                    defaultValue={true}
                  >
                    No Max. Age
                  </option>,
                  Array [
                    <option
                      value="1 year"
                    >
                      1 year
                    </option>,
                    <option
                      value="2 years"
                    >
                      2 years
                    </option>,
                    <option
                      value="3 years"
                    >
                      3 years
                    </option>,
                    <option
                      value="4 years"
                    >
                      4 years
                    </option>,
                    <option
                      value="5 years"
                    >
                      5 years
                    </option>,
                    <option
                      value="6 years"
                    >
                      6 years
                    </option>,
                    <option
                      value="7 years"
                    >
                      7 years
                    </option>,
                    <option
                      value="8 years"
                    >
                      8 years
                    </option>,
                    <option
                      value="9 years"
                    >
                      9 years
                    </option>,
                    <option
                      value="10 years"
                    >
                      10 years
                    </option>,
                    <option
                      value="11 years"
                    >
                      11 years
                    </option>,
                  ],
                ],
                "className": "custom-select",
                "id": "maxRcommendedAge",
                "name": "maxRcommendedAge",
                "onChange": [Function],
              },
              "ref": null,
              "rendered": Array [
                Object {
                  "instance": null,
                  "key": undefined,
                  "nodeType": "host",
                  "props": Object {
                    "children": "No Max. Age",
                    "defaultValue": true,
                  },
                  "ref": null,
                  "rendered": "No Max. Age",
                  "type": "option",
                },
                Object {
                  "instance": null,
                  "key": "1 year",
                  "nodeType": "host",
                  "props": Object {
                    "children": "1 year",
                    "value": "1 year",
                  },
                  "ref": null,
                  "rendered": "1 year",
                  "type": "option",
                },
                Object {
                  "instance": null,
                  "key": "2 years",
                  "nodeType": "host",
                  "props": Object {
                    "children": "2 years",
                    "value": "2 years",
                  },
                  "ref": null,
                  "rendered": "2 years",
                  "type": "option",
                },
                Object {
                  "instance": null,
                  "key": "3 years",
                  "nodeType": "host",
                  "props": Object {
                    "children": "3 years",
                    "value": "3 years",
                  },
                  "ref": null,
                  "rendered": "3 years",
                  "type": "option",
                },
                Object {
                  "instance": null,
                  "key": "4 years",
                  "nodeType": "host",
                  "props": Object {
                    "children": "4 years",
                    "value": "4 years",
                  },
                  "ref": null,
                  "rendered": "4 years",
                  "type": "option",
                },
                Object {
                  "instance": null,
                  "key": "5 years",
                  "nodeType": "host",
                  "props": Object {
                    "children": "5 years",
                    "value": "5 years",
                  },
                  "ref": null,
                  "rendered": "5 years",
                  "type": "option",
                },
                Object {
                  "instance": null,
                  "key": "6 years",
                  "nodeType": "host",
                  "props": Object {
                    "children": "6 years",
                    "value": "6 years",
                  },
                  "ref": null,
                  "rendered": "6 years",
                  "type": "option",
                },
                Object {
                  "instance": null,
                  "key": "7 years",
                  "nodeType": "host",
                  "props": Object {
                    "children": "7 years",
                    "value": "7 years",
                  },
                  "ref": null,
                  "rendered": "7 years",
                  "type": "option",
                },
                Object {
                  "instance": null,
                  "key": "8 years",
                  "nodeType": "host",
                  "props": Object {
                    "children": "8 years",
                    "value": "8 years",
                  },
                  "ref": null,
                  "rendered": "8 years",
                  "type": "option",
                },
                Object {
                  "instance": null,
                  "key": "9 years",
                  "nodeType": "host",
                  "props": Object {
                    "children": "9 years",
                    "value": "9 years",
                  },
                  "ref": null,
                  "rendered": "9 years",
                  "type": "option",
                },
                Object {
                  "instance": null,
                  "key": "10 years",
                  "nodeType": "host",
                  "props": Object {
                    "children": "10 years",
                    "value": "10 years",
                  },
                  "ref": null,
                  "rendered": "10 years",
                  "type": "option",
                },
                Object {
                  "instance": null,
                  "key": "11 years",
                  "nodeType": "host",
                  "props": Object {
                    "children": "11 years",
                    "value": "11 years",
                  },
                  "ref": null,
                  "rendered": "11 years",
                  "type": "option",
                },
              ],
              "type": "select",
            },
          ],
          "type": "div",
        },
        Object {
          "instance": null,
          "key": undefined,
          "nodeType": "host",
          "props": Object {
            "children": "Activity Webpage",
            "className": "font-weight-bold m-0",
            "htmlFor": "activityWebpage",
          },
          "ref": null,
          "rendered": "Activity Webpage",
          "type": "label",
        },
        Object {
          "instance": null,
          "key": undefined,
          "nodeType": "host",
          "props": Object {
            "children": "Use a specific page if possible. Try to avoid homepage links.",
            "className": "text-secondary mb-1",
          },
          "ref": null,
          "rendered": "Use a specific page if possible. Try to avoid homepage links.",
          "type": "p",
        },
        Object {
          "instance": null,
          "key": undefined,
          "nodeType": "host",
          "props": Object {
            "aria-invalid": false,
            "className": "form-control mb-4",
            "id": "activityWebpage",
            "name": "activityWebpage",
            "onChange": [Function],
            "type": "text",
            "value": "activityWebpage",
          },
          "ref": null,
          "rendered": null,
          "type": "input",
        },
        false,
        Object {
          "instance": null,
          "key": undefined,
          "nodeType": "host",
          "props": Object {
            "children": Array [
              <span>
                 Activity Phone Number
              </span>,
              <span
                className="font-weight-lighter text-black-50"
              >
                Optional
              </span>,
            ],
            "className": "font-weight-bold d-flex justify-content-between",
            "htmlFor": "activityPhoneNumber",
          },
          "ref": null,
          "rendered": Array [
            Object {
              "instance": null,
              "key": undefined,
              "nodeType": "host",
              "props": Object {
                "children": " Activity Phone Number",
              },
              "ref": null,
              "rendered": " Activity Phone Number",
              "type": "span",
            },
            Object {
              "instance": null,
              "key": undefined,
              "nodeType": "host",
              "props": Object {
                "children": "Optional",
                "className": "font-weight-lighter text-black-50",
              },
              "ref": null,
              "rendered": "Optional",
              "type": "span",
            },
          ],
          "type": "label",
        },
        Object {
          "instance": null,
          "key": undefined,
          "nodeType": "host",
          "props": Object {
            "aria-invalid": false,
            "className": "form-control mb-4",
            "id": "activityPhoneNumber",
            "name": "activityPhoneNumber",
            "onChange": [Function],
            "type": "number",
            "value": "activityPhoneNumber",
          },
          "ref": null,
          "rendered": null,
          "type": "input",
        },
        false,
        Object {
          "instance": null,
          "key": undefined,
          "nodeType": "host",
          "props": Object {
            "children": Array [
              <button
                className="btn next-button ml-3"
                disabled={false}
                id="next-button"
                type="submit"
              >
                Next
              </button>,
              <button
                className="btn back-button"
                id="back-button"
                type="button"
              >
                Back
              </button>,
            ],
            "className": "button-container bg-white d-flex flex-row-reverse py-2",
          },
          "ref": null,
          "rendered": Array [
            Object {
              "instance": null,
              "key": undefined,
              "nodeType": "host",
              "props": Object {
                "children": "Next",
                "className": "btn next-button ml-3",
                "disabled": false,
                "id": "next-button",
                "type": "submit",
              },
              "ref": null,
              "rendered": "Next",
              "type": "button",
            },
            Object {
              "instance": null,
              "key": undefined,
              "nodeType": "host",
              "props": Object {
                "children": "Back",
                "className": "btn back-button",
                "id": "back-button",
                "onClick": undefined,
                "type": "button",
              },
              "ref": null,
              "rendered": "Back",
              "type": "button",
            },
          ],
          "type": "div",
        },
      ],
      "type": "form",
    },
  ],
  Symbol(enzyme.__options__): Object {
    "adapter": ReactSixteenAdapter {
      "options": Object {
        "enableComponentDidUpdateOnSetState": true,
        "lifecycles": Object {
          "componentDidUpdate": Object {
            "onSetState": true,
          },
          "getDerivedStateFromProps": true,
          "getSnapshotBeforeUpdate": true,
          "setState": Object {
            "skipsComponentDidUpdateOnNullish": true,
          },
        },
      },
    },
  },
}
`;
